#-----------------------------------------------------------
# Vivado v2021.1 (64-bit)
# SW Build 3247384 on Thu Jun 10 19:36:33 MDT 2021
# IP Build 3246043 on Fri Jun 11 00:30:35 MDT 2021
# Start of session at: Thu Dec  2 08:11:28 2021
# Process ID: 9260
# Current directory: C:/Users/chand/Desktop/EE214/PROJECTS/bonuses/4_bonus
# Command line: vivado.exe -gui_launcher_event rodinguilauncherevent11724 C:\Users\chand\Desktop\EE214\PROJECTS\bonuses\4_bonus\4_bonus.xpr
# Log file: C:/Users/chand/Desktop/EE214/PROJECTS/bonuses/4_bonus/vivado.log
# Journal file: C:/Users/chand/Desktop/EE214/PROJECTS/bonuses/4_bonus\vivado.jou
#-----------------------------------------------------------
start_gui
open_project C:/Users/chand/Desktop/EE214/PROJECTS/bonuses/4_bonus/4_bonus.xpr
update_compile_order -fileset sources_1
reset_run synth_1
launch_runs impl_1 -to_step write_bitstream -jobs 4
wait_on_run impl_1
reset_run synth_1
launch_runs impl_1 -jobs 4
wait_on_run impl_1
launch_runs impl_1 -to_step write_bitstream -jobs 4
wait_on_run impl_1
open_hw_manager
connect_hw_server -allow_non_jtag
open_hw_target
set_property PROGRAM.FILE {C:/Users/chand/Desktop/EE214/PROJECTS/bonuses/4_bonus/4_bonus.runs/impl_1/MinMuxTop.bit} [get_hw_devices xc7z007s_1]
current_hw_device [get_hw_devices xc7z007s_1]
refresh_hw_device -update_hw_probes false [lindex [get_hw_devices xc7z007s_1] 0]
set_property PROBES.FILE {} [get_hw_devices xc7z007s_1]
set_property FULL_PROBES.FILE {} [get_hw_devices xc7z007s_1]
set_property PROGRAM.FILE {C:/Users/chand/Desktop/EE214/PROJECTS/bonuses/4_bonus/4_bonus.runs/impl_1/MinMuxTop.bit} [get_hw_devices xc7z007s_1]
program_hw_devices [get_hw_devices xc7z007s_1]
refresh_hw_device [lindex [get_hw_devices xc7z007s_1] 0]
reset_run synth_1
launch_runs impl_1 -jobs 4
wait_on_run impl_1
launch_runs impl_1 -to_step write_bitstream -jobs 4
wait_on_run impl_1
set_property PROBES.FILE {} [get_hw_devices xc7z007s_1]
set_property FULL_PROBES.FILE {} [get_hw_devices xc7z007s_1]
set_property PROGRAM.FILE {C:/Users/chand/Desktop/EE214/PROJECTS/bonuses/4_bonus/4_bonus.runs/impl_1/MinMuxTop.bit} [get_hw_devices xc7z007s_1]
program_hw_devices [get_hw_devices xc7z007s_1]
refresh_hw_device [lindex [get_hw_devices xc7z007s_1] 0]
