#-----------------------------------------------------------
# Webtalk v2021.1 (64-bit)
# SW Build 3247384 on Thu Jun 10 19:36:33 MDT 2021
# IP Build 3246043 on Fri Jun 11 00:30:35 MDT 2021
# Start of session at: Thu Sep 30 11:37:51 2021
# Process ID: 12528
# Current directory: C:/Users/chand/Desktop/EE214/PROJECTS/juego_project4/project4_CombinationalBuildingBlocks/juego_project4.sim/sim_1/behav/xsim
# Command line: wbtcv.exe -mode batch -source C:/Users/chand/Desktop/EE214/PROJECTS/juego_project4/project4_CombinationalBuildingBlocks/juego_project4.sim/sim_1/behav/xsim/xsim.dir/encoder_4_2_tb_behav/webtalk/xsim_webtalk.tcl -notrace
# Log file: C:/Users/chand/Desktop/EE214/PROJECTS/juego_project4/project4_CombinationalBuildingBlocks/juego_project4.sim/sim_1/behav/xsim/webtalk.log
# Journal file: C:/Users/chand/Desktop/EE214/PROJECTS/juego_project4/project4_CombinationalBuildingBlocks/juego_project4.sim/sim_1/behav/xsim\webtalk.jou
#-----------------------------------------------------------
source C:/Users/chand/Desktop/EE214/PROJECTS/juego_project4/project4_CombinationalBuildingBlocks/juego_project4.sim/sim_1/behav/xsim/xsim.dir/encoder_4_2_tb_behav/webtalk/xsim_webtalk.tcl -notrace
