#-----------------------------------------------------------
# Vivado v2021.1 (64-bit)
# SW Build 3247384 on Thu Jun 10 19:36:33 MDT 2021
# IP Build 3246043 on Fri Jun 11 00:30:35 MDT 2021
# Start of session at: Thu Sep 16 09:48:01 2021
# Process ID: 1904
# Current directory: C:/Users/chand/Desktop/EE214/PROJECTS/juego_project1/p1.c1_driveRGBled
# Command line: vivado.exe -gui_launcher_event rodinguilauncherevent9348 C:\Users\chand\Desktop\EE214\PROJECTS\juego_project1\p1.c1_driveRGBled\p1.c1_driveRGBled.xpr
# Log file: C:/Users/chand/Desktop/EE214/PROJECTS/juego_project1/p1.c1_driveRGBled/vivado.log
# Journal file: C:/Users/chand/Desktop/EE214/PROJECTS/juego_project1/p1.c1_driveRGBled\vivado.jou
#-----------------------------------------------------------
start_gui
open_project C:/Users/chand/Desktop/EE214/PROJECTS/juego_project1/p1.c1_driveRGBled/p1.c1_driveRGBled.xpr
update_compile_order -fileset sources_1
open_hw_manager
connect_hw_server -allow_non_jtag
open_hw_target
set_property PROGRAM.FILE {C:/Users/chand/Desktop/EE214/PROJECTS/juego_project1/p1.c1_driveRGBled/p1.c1_driveRGBled.runs/impl_1/driveRGBled.bit} [get_hw_devices xc7z007s_1]
current_hw_device [get_hw_devices xc7z007s_1]
refresh_hw_device -update_hw_probes false [lindex [get_hw_devices xc7z007s_1] 0]
